Started HTTP and WebSocket JSON-RPC server at http://127.0.0.1:8545/

Accounts
========

WARNING: These accounts, and their private keys, are publicly known.
Any funds sent to them on Mainnet or any other live network WILL BE LOST.

Account #0: 0xf39Fd6e51aad88F6F4ce6aB8827279cffFb92266 (10000 ETH)
Private Key: 0xac0974bec39a17e36ba4a6b4d238ff944bacb478cbed5efcae784d7bf4f2ff80

Account #1: 0x70997970C51812dc3A010C7d01b50e0d17dc79C8 (10000 ETH)
Private Key: 0x59c6995e998f97a5a0044966f0945389dc9e86dae88c7a8412f4603b6b78690d

Account #2: 0x3C44CdDdB6a900fa2b585dd299e03d12FA4293BC (10000 ETH)
Private Key: 0x5de4111afa1a4b94908f83103eb1f1706367c2e68ca870fc3fb9a804cdab365a

Account #3: 0x90F79bf6EB2c4f870365E785982E1f101E93b906 (10000 ETH)
Private Key: 0x7c852118294e51e653712a81e05800f419141751be58f605c371e15141b007a6

Account #4: 0x15d34AAf54267DB7D7c367839AAf71A00a2C6A65 (10000 ETH)
Private Key: 0x47e179ec197488593b187f80a00eb0da91f1b9d0b13f8733639f19c30a34926a

Account #5: 0x9965507D1a55bcC2695C58ba16FB37d819B0A4dc (10000 ETH)
Private Key: 0x8b3a350cf5c34c9194ca85829a2df0ec3153be0318b5e2d3348e872092edffba

Account #6: 0x976EA74026E726554dB657fA54763abd0C3a0aa9 (10000 ETH)
Private Key: 0x92db14e403b83dfe3df233f83dfa3a0d7096f21ca9b0d6d6b8d88b2b4ec1564e

Account #7: 0x14dC79964da2C08b23698B3D3cc7Ca32193d9955 (10000 ETH)
Private Key: 0x4bbbf85ce3377467afe5d46f804f221813b2bb87f24d81f60f1fcdbf7cbf4356

Account #8: 0x23618e81E3f5cdF7f54C3d65f7FBc0aBf5B21E8f (10000 ETH)
Private Key: 0xdbda1821b80551c9d65939329250298aa3472ba22feea921c0cf5d620ea67b97

Account #9: 0xa0Ee7A142d267C1f36714E4a8F75612F20a79720 (10000 ETH)
Private Key: 0x2a871d0798f97d79848a013d4936a73bf4cc922c825d33c1cf7073dff6d409c6

Account #10: 0xBcd4042DE499D14e55001CcbB24a551F3b954096 (10000 ETH)
Private Key: 0xf214f2b2cd398c806f84e317254e0f0b801d0643303237d97a22a48e01628897

Account #11: 0x71bE63f3384f5fb98995898A86B02Fb2426c5788 (10000 ETH)
Private Key: 0x701b615bbdfb9de65240bc28bd21bbc0d996645a3dd57e7b12bc2bdf6f192c82

Account #12: 0xFABB0ac9d68B0B445fB7357272Ff202C5651694a (10000 ETH)
Private Key: 0xa267530f49f8280200edf313ee7af6b827f2a8bce2897751d06a843f644967b1

Account #13: 0x1CBd3b2770909D4e10f157cABC84C7264073C9Ec (10000 ETH)
Private Key: 0x47c99abed3324a2707c28affff1267e45918ec8c3f20b8aa892e8b065d2942dd

Account #14: 0xdF3e18d64BC6A983f673Ab319CCaE4f1a57C7097 (10000 ETH)
Private Key: 0xc526ee95bf44d8fc405a158bb884d9d1238d99f0612e9f33d006bb0789009aaa

Account #15: 0xcd3B766CCDd6AE721141F452C550Ca635964ce71 (10000 ETH)
Private Key: 0x8166f546bab6da521a8369cab06c5d2b9e46670292d85c875ee9ec20e84ffb61

Account #16: 0x2546BcD3c84621e976D8185a91A922aE77ECEc30 (10000 ETH)
Private Key: 0xea6c44ac03bff858b476bba40716402b03e41b8e97e276d1baec7c37d42484a0

Account #17: 0xbDA5747bFD65F08deb54cb465eB87D40e51B197E (10000 ETH)
Private Key: 0x689af8efa8c651a91ad287602527f3af2fe9f6501a7ac4b061667b5a93e037fd

Account #18: 0xdD2FD4581271e230360230F9337D5c0430Bf44C0 (10000 ETH)
Private Key: 0xde9be858da4a475276426320d5e9262ecfc3ba460bfac56360bfa6c4c28b4ee0

Account #19: 0x8626f6940E2eb28930eFb4CeF49B2d1F2C9C1199 (10000 ETH)
Private Key: 0xdf57089febbacf7ba0bc227dafbffa9fc08a93fdc68e1e42411a14efcf23656e

WARNING: These accounts, and their private keys, are publicly known.
Any funds sent to them on Mainnet or any other live network WILL BE LOST.

[32meth_blockNumber[0m
[32meth_blockNumber (2)[0m
[32meth_chainId[0m
[32meth_accounts[0m
[32mhardhat_metadata[0m
[32mhardhat_metadata (2)[0m
[32mhardhat_metadata (3)[0m
[32mhardhat_metadata (4)[0m
[32mhardhat_metadata (5)[0m
[32mhardhat_metadata (6)[0m
[32mhardhat_metadata (7)[0m
[32mhardhat_metadata (8)[0m
[32mhardhat_metadata (9)[0m
[32mhardhat_metadata (10)[0m
[32mhardhat_metadata (11)[0m
[32mhardhat_metadata (12)[0m
[32mhardhat_metadata (13)[0m
[32mhardhat_metadata (14)[0m
[32mhardhat_metadata (15)[0m
[32mhardhat_metadata (16)[0m
[32mhardhat_metadata (17)[0m
[32mhardhat_metadata (18)[0m
[32mhardhat_metadata (19)[0m
[32mhardhat_metadata (20)[0m
[32meth_accounts[0m
[32mhardhat_metadata[0m
[32mhardhat_metadata (2)[0m
[32mhardhat_metadata (3)[0m
[32mhardhat_metadata (4)[0m
[32mhardhat_metadata (5)[0m
[32mhardhat_metadata (6)[0m
[32mhardhat_metadata (7)[0m
[32mhardhat_metadata (8)[0m
[32mhardhat_metadata (9)[0m
[32mhardhat_metadata (10)[0m
[32mhardhat_metadata (11)[0m
[32mhardhat_metadata (12)[0m
[32mhardhat_metadata (13)[0m
[32mhardhat_metadata (14)[0m
[32mhardhat_metadata (15)[0m
[32mhardhat_metadata (16)[0m
[32mhardhat_metadata (17)[0m
[32mhardhat_metadata (18)[0m
[32mhardhat_metadata (19)[0m
[32mhardhat_metadata (20)[0m
[32meth_blockNumber[0m
[32meth_getBlockByNumber[0m
[32meth_feeHistory[0m
[32meth_maxPriorityFeePerGas[0m
[32meth_sendTransaction[0m
  Contract deployment: MyToken
  Contract address:    0x5fbdb2315678afecb367f032d93f642f64180aa3
  Transaction:         0x512ed83a3950500f44ace8e7eb8d6e16d17641f7543ce91a6f96179ddf7c7980
  From:                0xf39fd6e51aad88f6f4ce6ab8827279cfffb92266
  Value:               0 ETH
  Gas used:            766832 of 30000000
  Block #1:            0x80fa103e02719e7071936ba8e4c401bd05707a3ee70ee1a3d545613095182dd1

[32meth_getTransactionByHash[0m
[32meth_getTransactionReceipt[0m
[32meth_blockNumber[0m
[32meth_accounts[0m
[32mhardhat_metadata[0m
[32mhardhat_metadata (2)[0m
[32mhardhat_metadata (3)[0m
[32mhardhat_metadata (4)[0m
[32mhardhat_metadata (5)[0m
[32mhardhat_metadata (6)[0m
[32mhardhat_metadata (7)[0m
[32mhardhat_metadata (8)[0m
[32mhardhat_metadata (9)[0m
[32mhardhat_metadata (10)[0m
[32mhardhat_metadata (11)[0m
[32mhardhat_metadata (12)[0m
[32mhardhat_metadata (13)[0m
[32mhardhat_metadata (14)[0m
[32mhardhat_metadata (15)[0m
[32mhardhat_metadata (16)[0m
[32mhardhat_metadata (17)[0m
[32mhardhat_metadata (18)[0m
[32mhardhat_metadata (19)[0m
[32mhardhat_metadata (20)[0m
[32meth_blockNumber[0m
[32meth_feeHistory[0m
[32meth_sendTransaction[0m
  Contract deployment: DAO
  Contract address:    0xe7f1725e7734ce288f8367e1bb143e90bb3f0512
  Transaction:         0xff0e60af40543cc8d4858d3b0aa6902ae825881704b1bb23d530d595aecdc1a1
  From:                0xf39fd6e51aad88f6f4ce6ab8827279cfffb92266
  Value:               0 ETH
  Gas used:            3930303 of 30000000
  Block #2:            0xaf51943059d3b7df486bb13925dbb1bf7196174c7ce2ca98bbc8ce5d8d5ed251

[32meth_getTransactionByHash[0m
[32meth_getTransactionReceipt[0m
[32meth_blockNumber[0m
[32meth_blockNumber (2)[0m
[32meth_feeHistory[0m
[32meth_sendTransaction[0m
  Contract call:       DAO#setOwnerMultisig
  Transaction:         0xb49edf2c91852999391d0dca0bcbf735f7ef158d17e21927c7d6985ee15bbd55
  From:                0xf39fd6e51aad88f6f4ce6ab8827279cfffb92266
  To:                  0xe7f1725e7734ce288f8367e1bb143e90bb3f0512
  Value:               0 ETH
  Gas used:            1215555 of 30000000
  Block #3:            0x731c842e076c825936ef601e52d9f04136201c6adc8598c996945792c124edcd

[32meth_getTransactionByHash[0m
[32meth_call[0m
  Contract call:       DAO#ownerMultisig
  From:                0xf39fd6e51aad88f6f4ce6ab8827279cfffb92266
  To:                  0xe7f1725e7734ce288f8367e1bb143e90bb3f0512

[32meth_accounts[0m
[32mhardhat_metadata[0m
[32mhardhat_metadata (2)[0m
[32mhardhat_metadata (3)[0m
[32mhardhat_metadata (4)[0m
[32mhardhat_metadata (5)[0m
[32mhardhat_metadata (6)[0m
[32mhardhat_metadata (7)[0m
[32mhardhat_metadata (8)[0m
[32mhardhat_metadata (9)[0m
[32mhardhat_metadata (10)[0m
[32mhardhat_metadata (11)[0m
[32mhardhat_metadata (12)[0m
[32mhardhat_metadata (13)[0m
[32mhardhat_metadata (14)[0m
[32mhardhat_metadata (15)[0m
[32mhardhat_metadata (16)[0m
[32mhardhat_metadata (17)[0m
[32mhardhat_metadata (18)[0m
[32mhardhat_metadata (19)[0m
[32mhardhat_metadata (20)[0m
[32meth_blockNumber[0m
[32meth_feeHistory[0m
[32meth_sendTransaction[0m
  Contract call:       Multisig#submitTransaction
  Transaction:         0x8059e2b6e9cf95855b2a1c9af0061e5f1dc2bd16ef11e0b9f1d391214a8760e1
  From:                0x70997970c51812dc3a010c7d01b50e0d17dc79c8
  To:                  0xae367415f4bde0adee3e59c35221d259f517413e
  Value:               0 ETH
  Gas used:            287316 of 30000000
  Block #4:            0x87597ec4770a1db695824b801d5b311f49f4b191d4fc3341e849fe41fe55c06d

[32meth_getTransactionByHash[0m
[32meth_blockNumber[0m
[32meth_feeHistory[0m
[32meth_sendTransaction[0m
  Contract call:       Multisig#approveTransaction
  Transaction:         0xbae2c173b65e4f071061cdb21d98fd0d269877714b1db7386e73ddcc43ab92ea
  From:                0x3c44cdddb6a900fa2b585dd299e03d12fa4293bc
  To:                  0xae367415f4bde0adee3e59c35221d259f517413e
  Value:               0 ETH
  Gas used:            1287827 of 30000000
  Block #5:            0xbbeb64401a3e01bb90b444b377cff8a76d9c5da02371a914bddb30768cce2aae

[32meth_getTransactionByHash[0m
[32meth_call[0m
  Contract call:       DAO#panicMultisig
  From:                0xf39fd6e51aad88f6f4ce6ab8827279cfffb92266
  To:                  0xe7f1725e7734ce288f8367e1bb143e90bb3f0512

[32meth_blockNumber[0m
[32meth_feeHistory[0m
[32meth_sendTransaction[0m
  Contract call:       Multisig#submitTransaction
  Transaction:         0x41c70fa53fb73ac39a54321d030c610314d58ccef3247a8a0dec914fb79699a2
  From:                0x70997970c51812dc3a010c7d01b50e0d17dc79c8
  To:                  0xae367415f4bde0adee3e59c35221d259f517413e
  Value:               0 ETH
  Gas used:            292506 of 30000000
  Block #6:            0x57f513fc5df2efc11a0da9137efced889eac543dd7d78521d5a90f24626ca367

[32meth_getTransactionByHash[0m
[32meth_blockNumber[0m
[32meth_feeHistory[0m
[32meth_sendTransaction[0m
  Contract call:       Multisig#approveTransaction
  Transaction:         0x753febb60e295f426f4a45499b0f48e5b5627443605a59e12a4856c581958560
  From:                0x3c44cdddb6a900fa2b585dd299e03d12fa4293bc
  To:                  0xae367415f4bde0adee3e59c35221d259f517413e
  Value:               0 ETH
  Gas used:            246724 of 30000000
  Block #7:            0xc88cddd1f64e37687e55813d9def6e79c5c5b53ef4d4212b966acfcbd4e74e85

[32meth_getTransactionByHash[0m
[32meth_blockNumber[0m
[32meth_feeHistory[0m
[32meth_sendTransaction[0m
  Contract call:       Multisig#submitTransaction
  Transaction:         0xd0a4a01d24986120358b87df09c246c4a8e712e39f13fb3ae11ebc77e0d90a1d
  From:                0x90f79bf6eb2c4f870365e785982e1f101e93b906
  To:                  0x4d17b728f3e78e62ac86d585be00738eae7528c6
  Value:               0 ETH
  Gas used:            184855 of 30000000
  Block #8:            0xe5bf2e5945a776231313ec1823a4087305606654b561e4d4437c56df3f0965c4

[32meth_getTransactionByHash[0m
[32meth_blockNumber[0m
[32meth_feeHistory[0m
[32meth_sendTransaction[0m
  Contract call:       MyToken#transferOwnership
  Transaction:         0xcc1e939ffe41dd36c8ff9fbd37712c3f1d267b0859c6a10c14be646255263279
  From:                0xf39fd6e51aad88f6f4ce6ab8827279cfffb92266
  To:                  0x5fbdb2315678afecb367f032d93f642f64180aa3
  Value:               0 ETH
  Gas used:            28711 of 30000000
  Block #9:            0xaa49ef091ca36c5cdc2321f079bbc187b941c0d7664b2dbff8096ec38caa0c9a

[32meth_getTransactionByHash[0m
[32meth_blockNumber[0m
[32meth_chainId[0m
[32meth_accounts[0m
[32mhardhat_metadata[0m
[32mhardhat_metadata (2)[0m
[32mhardhat_metadata (3)[0m
[32mhardhat_metadata (4)[0m
[32mhardhat_metadata (5)[0m
[32mhardhat_metadata (6)[0m
[32mhardhat_metadata (7)[0m
[32mhardhat_metadata (8)[0m
[32mhardhat_metadata (9)[0m
[32mhardhat_metadata (10)[0m
[32mhardhat_metadata (11)[0m
[32mhardhat_metadata (12)[0m
[32mhardhat_metadata (13)[0m
[32mhardhat_metadata (14)[0m
[32mhardhat_metadata (15)[0m
[32mhardhat_metadata (16)[0m
[32mhardhat_metadata (17)[0m
[32mhardhat_metadata (18)[0m
[32mhardhat_metadata (19)[0m
[32mhardhat_metadata (20)[0m
[32meth_getBalance[0m
[32meth_blockNumber[0m
[32meth_getBlockByNumber[0m
[32meth_feeHistory[0m
[32meth_sendTransaction[0m
  Transaction:         0x795b1c61ff35acb6d2a45894717585c17e3cb07eb2774d47a871f9fd224dbc03
  From:                0xf39fd6e51aad88f6f4ce6ab8827279cfffb92266
  To:                  0x86bf80dc22e5ed99596c0443429a59670f47ea64
  Value:               1. ETH
  Gas used:            21000 of 30000000
  Block #10:           0xeb1815a23f5e7a9b65ef64a34801e07057bb76cf5029a72da60c8d6768f9fa6d

[32meth_getTransactionByHash[0m
[32meth_getTransactionReceipt[0m
[32meth_blockNumber[0m
[32meth_getBalance[0m
[32meth_blockNumber[0m
[32meth_blockNumber (2)[0m
[32meth_blockNumber (3)[0m
[32meth_blockNumber (4)[0m
[32meth_blockNumber (5)[0m
[32meth_blockNumber (6)[0m
[32meth_blockNumber (7)[0m
[32meth_blockNumber (8)[0m
[32meth_blockNumber (9)[0m
[32meth_blockNumber (10)[0m
[32meth_blockNumber (11)[0m
[32meth_blockNumber (12)[0m
[32meth_chainId[0m
[32meth_chainId (2)[0m
[32meth_chainId (3)[0m
[32meth_accounts[0m
[32meth_chainId[0m
[32meth_accounts[0m
[32meth_call[0m
  Contract call:       MyToken#name
  From:                0xf39fd6e51aad88f6f4ce6ab8827279cfffb92266
  To:                  0x5fbdb2315678afecb367f032d93f642f64180aa3

[32meth_call[0m
  Contract call:       MyToken#name
  From:                0xf39fd6e51aad88f6f4ce6ab8827279cfffb92266
  To:                  0x5fbdb2315678afecb367f032d93f642f64180aa3

[32meth_chainId[0m
[32meth_blockNumber[0m
[32meth_blockNumber (2)[0m
[32meth_chainId[0m
[32meth_chainId (2)[0m
[32meth_call[0m
  Contract call:       MyToken#name
  From:                0xf39fd6e51aad88f6f4ce6ab8827279cfffb92266
  To:                  0x5fbdb2315678afecb367f032d93f642f64180aa3

[32meth_chainId[0m
[32meth_call[0m
  Contract call:       MyToken#name
  From:                0xf39fd6e51aad88f6f4ce6ab8827279cfffb92266
  To:                  0x5fbdb2315678afecb367f032d93f642f64180aa3

[32meth_chainId[0m
[32meth_chainId (2)[0m
[32meth_blockNumber[0m
[31meth_call[0m

  Received invalid block tag 11. Latest block number is 10

[31meth_call[0m

  Received invalid block tag 11. Latest block number is 10

[31meth_call[0m

  Received invalid block tag 11. Latest block number is 10

[31meth_call[0m

  Received invalid block tag 11. Latest block number is 10

[31meth_call[0m

  Received invalid block tag 11. Latest block number is 10

[31meth_call[0m

  Received invalid block tag 11. Latest block number is 10

[31meth_call[0m

  Received invalid block tag 11. Latest block number is 10

[31meth_call[0m

  Received invalid block tag 11. Latest block number is 10

[32meth_blockNumber[0m
[31meth_getCode[0m

  Received invalid block tag 11. Latest block number is 10

[32meth_gasPrice[0m
[32meth_blockNumber[0m
[32meth_blockNumber (2)[0m
[32meth_blockNumber (3)[0m
[32meth_blockNumber (4)[0m
[32meth_blockNumber (5)[0m
[32meth_blockNumber (6)[0m
[32meth_blockNumber (7)[0m
[32meth_blockNumber (8)[0m
[32meth_blockNumber (9)[0m
[32meth_blockNumber (10)[0m
[32meth_blockNumber (11)[0m
[32meth_blockNumber (12)[0m
[32meth_blockNumber (13)[0m
[32meth_chainId[0m
[32meth_chainId (2)[0m
[32meth_chainId (3)[0m
[32meth_call[0m
  Contract call:       MyToken#name
  From:                0xf39fd6e51aad88f6f4ce6ab8827279cfffb92266
  To:                  0x5fbdb2315678afecb367f032d93f642f64180aa3

[32meth_chainId[0m
[32meth_call[0m
  Contract call:       MyToken#name
  From:                0xf39fd6e51aad88f6f4ce6ab8827279cfffb92266
  To:                  0x5fbdb2315678afecb367f032d93f642f64180aa3

[32meth_chainId[0m
[32meth_blockNumber[0m
[32meth_blockNumber (2)[0m
[32meth_blockNumber (3)[0m
[32meth_chainId[0m
[32meth_accounts[0m
[32mhardhat_metadata[0m
[32mhardhat_metadata (2)[0m
[32mhardhat_metadata (3)[0m
[32mhardhat_metadata (4)[0m
[32mhardhat_metadata (5)[0m
[32mhardhat_metadata (6)[0m
[32mhardhat_metadata (7)[0m
[32mhardhat_metadata (8)[0m
[32mhardhat_metadata (9)[0m
[32mhardhat_metadata (10)[0m
[32mhardhat_metadata (11)[0m
[32mhardhat_metadata (12)[0m
[32mhardhat_metadata (13)[0m
[32mhardhat_metadata (14)[0m
[32mhardhat_metadata (15)[0m
[32mhardhat_metadata (16)[0m
[32mhardhat_metadata (17)[0m
[32mhardhat_metadata (18)[0m
[32mhardhat_metadata (19)[0m
[32mhardhat_metadata (20)[0m
[32meth_getBalance[0m
[32meth_blockNumber[0m
[32meth_getBlockByNumber[0m
[32meth_feeHistory[0m
[32meth_sendTransaction[0m
  Transaction:         0x7b825e56eb364f6c29736a50da61a46c22631311843788abd7cc7cc02193f170
  From:                0xf39fd6e51aad88f6f4ce6ab8827279cfffb92266
  To:                  0x86bf80dc22e5ed99596c0443429a59670f47ea64
  Value:               10. ETH
  Gas used:            21000 of 30000000
  Block #11:           0xce51f50725457cb6c1aaa22086da56b90e08781e587fe83d5ed91c2cbd5613e6

[32meth_getTransactionByHash[0m
[32meth_getTransactionReceipt[0m
[32meth_blockNumber[0m
[32meth_getBalance[0m
[32meth_blockNumber[0m
[32meth_blockNumber (2)[0m
[32meth_blockNumber (3)[0m
[32meth_blockNumber (4)[0m
[32meth_blockNumber (5)[0m
[32meth_blockNumber (6)[0m
[32meth_blockNumber (7)[0m
[32meth_blockNumber (8)[0m
[32meth_blockNumber (9)[0m
[32meth_blockNumber (10)[0m
[32meth_blockNumber (11)[0m
[32meth_blockNumber (12)[0m
[32meth_blockNumber (13)[0m
[32meth_chainId[0m
[32meth_getBalance[0m
[32meth_accounts[0m
[32meth_chainId[0m
[32meth_getBalance[0m
[32meth_accounts[0m
[32meth_getBalance[0m
[32meth_chainId[0m
[32meth_accounts[0m
[32meth_getBalance[0m
[32meth_chainId[0m
[32meth_blockNumber[0m
[32meth_blockNumber (2)[0m
[32meth_blockNumber (3)[0m
[32meth_blockNumber (4)[0m
[32meth_blockNumber (5)[0m
[32meth_blockNumber (6)[0m
[32meth_blockNumber (7)[0m
[32meth_blockNumber (8)[0m
[32meth_blockNumber (9)[0m
[32meth_blockNumber (10)[0m
[32meth_blockNumber (11)[0m
[32meth_blockNumber (12)[0m
[32meth_blockNumber (13)[0m
[32meth_blockNumber (14)[0m
[32meth_blockNumber (15)[0m
[32meth_blockNumber (16)[0m
[32meth_blockNumber (17)[0m
[32meth_blockNumber (18)[0m
[32meth_blockNumber (19)[0m
[32meth_blockNumber (20)[0m
[32meth_blockNumber (21)[0m
[32meth_blockNumber (22)[0m
[32meth_blockNumber (23)[0m
[32meth_call[0m
  WARNING: Calling an account which is not a contract
  From:                0xf39fd6e51aad88f6f4ce6ab8827279cfffb92266
  To:                  0x86bf80dc22e5ed99596c0443429a59670f47ea64

[32meth_call[0m
  WARNING: Calling an account which is not a contract
  From:                0xf39fd6e51aad88f6f4ce6ab8827279cfffb92266
  To:                  0x86bf80dc22e5ed99596c0443429a59670f47ea64

[32meth_call[0m
  WARNING: Calling an account which is not a contract
  From:                0xf39fd6e51aad88f6f4ce6ab8827279cfffb92266
  To:                  0x86bf80dc22e5ed99596c0443429a59670f47ea64

[32meth_call[0m
  WARNING: Calling an account which is not a contract
  From:                0xf39fd6e51aad88f6f4ce6ab8827279cfffb92266
  To:                  0x86bf80dc22e5ed99596c0443429a59670f47ea64

[32meth_call[0m
  WARNING: Calling an account which is not a contract
  From:                0xf39fd6e51aad88f6f4ce6ab8827279cfffb92266
  To:                  0x86bf80dc22e5ed99596c0443429a59670f47ea64

[32meth_blockNumber[0m
[32meth_blockNumber (2)[0m
[32meth_blockNumber (3)[0m
[32meth_blockNumber (4)[0m
[32meth_blockNumber (5)[0m
[32meth_blockNumber (6)[0m
[32meth_blockNumber (7)[0m
[32meth_blockNumber (8)[0m
[32meth_blockNumber (9)[0m
[32meth_blockNumber (10)[0m
[32meth_blockNumber (11)[0m
[32meth_blockNumber (12)[0m
[32meth_blockNumber (13)[0m
[32meth_call[0m
  WARNING: Calling an account which is not a contract
  From:                0xf39fd6e51aad88f6f4ce6ab8827279cfffb92266
  To:                  0xe83f2218a5009a675861bd498140918d65cf8115

[32meth_call[0m
  WARNING: Calling an account which is not a contract
  From:                0xf39fd6e51aad88f6f4ce6ab8827279cfffb92266
  To:                  0xe83f2218a5009a675861bd498140918d65cf8115

[32meth_call[0m
  WARNING: Calling an account which is not a contract
  From:                0xf39fd6e51aad88f6f4ce6ab8827279cfffb92266
  To:                  0xf4e461dbdd6c1deefee49c9706117608a531396d

[32meth_call[0m
  WARNING: Calling an account which is not a contract
  From:                0xf39fd6e51aad88f6f4ce6ab8827279cfffb92266
  To:                  0xf4e461dbdd6c1deefee49c9706117608a531396d

[32meth_call[0m
  WARNING: Calling an account which is not a contract
  From:                0xf39fd6e51aad88f6f4ce6ab8827279cfffb92266
  To:                  0x0ce1c446dfb1df4e0c2c548745514a6dba7ef55d

[32meth_call[0m
  WARNING: Calling an account which is not a contract
  From:                0xf39fd6e51aad88f6f4ce6ab8827279cfffb92266
  To:                  0x0ce1c446dfb1df4e0c2c548745514a6dba7ef55d

[32meth_call[0m
  WARNING: Calling an account which is not a contract
  From:                0xf39fd6e51aad88f6f4ce6ab8827279cfffb92266
  To:                  0x60cf1cd4afdffbc611b5d90593804aac62063512

[32meth_call[0m
  WARNING: Calling an account which is not a contract
  From:                0xf39fd6e51aad88f6f4ce6ab8827279cfffb92266
  To:                  0x60cf1cd4afdffbc611b5d90593804aac62063512

[32meth_call[0m
  WARNING: Calling an account which is not a contract
  From:                0xf39fd6e51aad88f6f4ce6ab8827279cfffb92266
  To:                  0xef180a17feb01b15d2efb4ded8107a5807fabadb

[32meth_call[0m
  WARNING: Calling an account which is not a contract
  From:                0xf39fd6e51aad88f6f4ce6ab8827279cfffb92266
  To:                  0xef180a17feb01b15d2efb4ded8107a5807fabadb

[32meth_call[0m
  WARNING: Calling an account which is not a contract
  From:                0xf39fd6e51aad88f6f4ce6ab8827279cfffb92266
  To:                  0x3c90502f0cb0ad0a48c51357e65ff15247a1d88e

[32meth_call[0m
  WARNING: Calling an account which is not a contract
  From:                0xf39fd6e51aad88f6f4ce6ab8827279cfffb92266
  To:                  0x3c90502f0cb0ad0a48c51357e65ff15247a1d88e

[32meth_call[0m
  WARNING: Calling an account which is not a contract
  From:                0xf39fd6e51aad88f6f4ce6ab8827279cfffb92266
  To:                  0x5a6a28e6752b5424be168f4d7c7fc8c296291d14

[32meth_call[0m
  WARNING: Calling an account which is not a contract
  From:                0xf39fd6e51aad88f6f4ce6ab8827279cfffb92266
  To:                  0x5a6a28e6752b5424be168f4d7c7fc8c296291d14

[32meth_call[0m
  WARNING: Calling an account which is not a contract
  From:                0xf39fd6e51aad88f6f4ce6ab8827279cfffb92266
  To:                  0xdf4464a2379ee1bd48a95cfebeb4e07c52f79da2

[32meth_call[0m
  WARNING: Calling an account which is not a contract
  From:                0xf39fd6e51aad88f6f4ce6ab8827279cfffb92266
  To:                  0xdf4464a2379ee1bd48a95cfebeb4e07c52f79da2

[32meth_call[0m
  WARNING: Calling an account which is not a contract
  From:                0xf39fd6e51aad88f6f4ce6ab8827279cfffb92266
  To:                  0xe99504b81d465f991c70fcaeda314a7dd06ebad3

[32meth_call[0m
  WARNING: Calling an account which is not a contract
  From:                0xf39fd6e51aad88f6f4ce6ab8827279cfffb92266
  To:                  0xe99504b81d465f991c70fcaeda314a7dd06ebad3

[32meth_call[0m
  WARNING: Calling an account which is not a contract
  From:                0xf39fd6e51aad88f6f4ce6ab8827279cfffb92266
  To:                  0xea81a18fb97401a9f4b79963090c65a3a30ecdce

[32meth_call[0m
  WARNING: Calling an account which is not a contract
  From:                0xf39fd6e51aad88f6f4ce6ab8827279cfffb92266
  To:                  0xea81a18fb97401a9f4b79963090c65a3a30ecdce

[32meth_blockNumber[0m
[32meth_getBalance[0m
[32meth_blockNumber[0m
[31meth_call[0m
  Contract call:       DAO#<unrecognized-selector>
  From:                0xf39fd6e51aad88f6f4ce6ab8827279cfffb92266
  To:                  0xe7f1725e7734ce288f8367e1bb143e90bb3f0512

  Error: Transaction reverted without a reason

[31meth_call[0m
  Contract call:       DAO#<unrecognized-selector>
  From:                0xf39fd6e51aad88f6f4ce6ab8827279cfffb92266
  To:                  0xe7f1725e7734ce288f8367e1bb143e90bb3f0512

  Error: Transaction reverted without a reason

[31meth_call[0m
  Contract call:       DAO#<unrecognized-selector>
  From:                0xf39fd6e51aad88f6f4ce6ab8827279cfffb92266
  To:                  0xe7f1725e7734ce288f8367e1bb143e90bb3f0512

  Error: Transaction reverted without a reason

[31meth_call[0m
  Contract call:       DAO#<unrecognized-selector>
  From:                0xf39fd6e51aad88f6f4ce6ab8827279cfffb92266
  To:                  0xe7f1725e7734ce288f8367e1bb143e90bb3f0512

  Error: Transaction reverted without a reason

[32meth_getCode[0m
[32meth_blockNumber[0m
[32meth_blockNumber (2)[0m
[32meth_blockNumber (3)[0m
[32meth_blockNumber (4)[0m
[32meth_blockNumber (5)[0m
[32meth_chainId[0m
[32meth_accounts[0m
[32mhardhat_metadata[0m
[32mhardhat_metadata (2)[0m
[32mhardhat_metadata (3)[0m
[32mhardhat_metadata (4)[0m
[32mhardhat_metadata (5)[0m
[32mhardhat_metadata (6)[0m
[32mhardhat_metadata (7)[0m
[32mhardhat_metadata (8)[0m
[32mhardhat_metadata (9)[0m
[32mhardhat_metadata (10)[0m
[32mhardhat_metadata (11)[0m
[32mhardhat_metadata (12)[0m
[32mhardhat_metadata (13)[0m
[32mhardhat_metadata (14)[0m
[32mhardhat_metadata (15)[0m
[32mhardhat_metadata (16)[0m
[32mhardhat_metadata (17)[0m
[32mhardhat_metadata (18)[0m
[32mhardhat_metadata (19)[0m
[32mhardhat_metadata (20)[0m
[32meth_getBalance[0m
[32meth_blockNumber[0m
[32meth_getBlockByNumber[0m
[32meth_feeHistory[0m
[32meth_sendTransaction[0m
  Transaction:         0xf113b0f5bfa7ebf3413a6d935f56c3981b073136bd0d90c870d718bdd89b6ad6
  From:                0xf39fd6e51aad88f6f4ce6ab8827279cfffb92266
  To:                  0x86bf80dc22e5ed99596c0443429a59670f47ea64
  Value:               100. ETH
  Gas used:            21000 of 30000000
  Block #12:           0xf42875318e715f1a3e5c64c0a941d8dbcef6eeea495a4e25426116a5da58730b

[32meth_getTransactionByHash[0m
[32meth_getTransactionReceipt[0m
[32meth_blockNumber[0m
[32meth_getBalance[0m
[32meth_blockNumber[0m
[32meth_getBlockByNumber[0m
[32meth_getBalance[0m
[32meth_getBalance (2)[0m
[32meth_getBalance (3)[0m
[32meth_getBalance (4)[0m
[32meth_blockNumber[0m
[32meth_blockNumber (2)[0m
[32meth_call[0m
  WARNING: Calling an account which is not a contract
  From:                0xf39fd6e51aad88f6f4ce6ab8827279cfffb92266
  To:                  0x86bf80dc22e5ed99596c0443429a59670f47ea64

[31meth_call[0m
  Contract call:       DAO#<unrecognized-selector>
  From:                0xf39fd6e51aad88f6f4ce6ab8827279cfffb92266
  To:                  0xe7f1725e7734ce288f8367e1bb143e90bb3f0512

  Error: Transaction reverted without a reason

[32meth_call[0m
  WARNING: Calling an account which is not a contract
  From:                0xf39fd6e51aad88f6f4ce6ab8827279cfffb92266
  To:                  0x86bf80dc22e5ed99596c0443429a59670f47ea64

[31meth_call[0m
  Contract call:       DAO#<unrecognized-selector>
  From:                0xf39fd6e51aad88f6f4ce6ab8827279cfffb92266
  To:                  0xe7f1725e7734ce288f8367e1bb143e90bb3f0512

  Error: Transaction reverted without a reason

[32meth_call[0m
  WARNING: Calling an account which is not a contract
  From:                0xf39fd6e51aad88f6f4ce6ab8827279cfffb92266
  To:                  0x86bf80dc22e5ed99596c0443429a59670f47ea64

[32meth_call[0m
  WARNING: Calling an account which is not a contract
  From:                0xf39fd6e51aad88f6f4ce6ab8827279cfffb92266
  To:                  0x86bf80dc22e5ed99596c0443429a59670f47ea64

[31meth_call[0m
  Contract call:       DAO#<unrecognized-selector>
  From:                0xf39fd6e51aad88f6f4ce6ab8827279cfffb92266
  To:                  0xe7f1725e7734ce288f8367e1bb143e90bb3f0512

  Error: Transaction reverted without a reason

[31meth_call[0m
  Contract call:       DAO#<unrecognized-selector>
  From:                0xf39fd6e51aad88f6f4ce6ab8827279cfffb92266
  To:                  0xe7f1725e7734ce288f8367e1bb143e90bb3f0512

  Error: Transaction reverted without a reason

[32meth_blockNumber[0m
[32meth_getCode[0m
[32meth_blockNumber[0m
[32meth_gasPrice[0m
[32meth_blockNumber[0m
[32meth_blockNumber (2)[0m
[32meth_blockNumber (3)[0m
[32meth_blockNumber (4)[0m
[32meth_blockNumber (5)[0m
[31meth_call[0m
  Contract call:       DAO#<unrecognized-selector>
  From:                0xf39fd6e51aad88f6f4ce6ab8827279cfffb92266
  To:                  0xe7f1725e7734ce288f8367e1bb143e90bb3f0512

  Error: Transaction reverted without a reason

[31meth_call[0m
  Contract call:       DAO#<unrecognized-selector>
  From:                0xf39fd6e51aad88f6f4ce6ab8827279cfffb92266
  To:                  0xe7f1725e7734ce288f8367e1bb143e90bb3f0512

  Error: Transaction reverted without a reason

[31meth_call[0m
  Contract call:       DAO#<unrecognized-selector>
  From:                0xf39fd6e51aad88f6f4ce6ab8827279cfffb92266
  To:                  0xe7f1725e7734ce288f8367e1bb143e90bb3f0512

  Error: Transaction reverted without a reason

[31meth_call[0m
  Contract call:       DAO#<unrecognized-selector>
  From:                0xf39fd6e51aad88f6f4ce6ab8827279cfffb92266
  To:                  0xe7f1725e7734ce288f8367e1bb143e90bb3f0512

  Error: Transaction reverted without a reason

[32meth_blockNumber[0m
[32meth_blockNumber (2)[0m
[32meth_blockNumber (3)[0m
[32meth_blockNumber (4)[0m
[32meth_blockNumber (5)[0m
[32meth_blockNumber (6)[0m
[32meth_blockNumber (7)[0m
[32meth_blockNumber (8)[0m
[31meth_call[0m
  Contract call:       DAO#<unrecognized-selector>
  From:                0xf39fd6e51aad88f6f4ce6ab8827279cfffb92266
  To:                  0xe7f1725e7734ce288f8367e1bb143e90bb3f0512

  Error: Transaction reverted without a reason

[31meth_call[0m
  Contract call:       DAO#<unrecognized-selector>
  From:                0xf39fd6e51aad88f6f4ce6ab8827279cfffb92266
  To:                  0xe7f1725e7734ce288f8367e1bb143e90bb3f0512

  Error: Transaction reverted without a reason

[31meth_call[0m
  Contract call:       DAO#<unrecognized-selector>
  From:                0xf39fd6e51aad88f6f4ce6ab8827279cfffb92266
  To:                  0xe7f1725e7734ce288f8367e1bb143e90bb3f0512

  Error: Transaction reverted without a reason

[31meth_call[0m
  Contract call:       DAO#<unrecognized-selector>
  From:                0xf39fd6e51aad88f6f4ce6ab8827279cfffb92266
  To:                  0xe7f1725e7734ce288f8367e1bb143e90bb3f0512

  Error: Transaction reverted without a reason

[32meth_blockNumber[0m
[32meth_blockNumber (2)[0m
[32meth_blockNumber (3)[0m
[32meth_blockNumber (4)[0m
[32meth_blockNumber (5)[0m
[32meth_blockNumber (6)[0m
[32meth_blockNumber (7)[0m
[32meth_blockNumber (8)[0m
[32meth_blockNumber (9)[0m
[32meth_blockNumber (10)[0m
[32meth_blockNumber (11)[0m
[32meth_blockNumber (12)[0m
[32meth_blockNumber (13)[0m
[32meth_blockNumber (14)[0m
[31meth_call[0m
  Contract call:       DAO#<unrecognized-selector>
  From:                0xf39fd6e51aad88f6f4ce6ab8827279cfffb92266
  To:                  0xe7f1725e7734ce288f8367e1bb143e90bb3f0512

  Error: Transaction reverted without a reason

[31meth_call[0m
  Contract call:       DAO#<unrecognized-selector>
  From:                0xf39fd6e51aad88f6f4ce6ab8827279cfffb92266
  To:                  0xe7f1725e7734ce288f8367e1bb143e90bb3f0512

  Error: Transaction reverted without a reason

[31meth_call[0m
  Contract call:       DAO#<unrecognized-selector>
  From:                0xf39fd6e51aad88f6f4ce6ab8827279cfffb92266
  To:                  0xe7f1725e7734ce288f8367e1bb143e90bb3f0512

  Error: Transaction reverted without a reason

[31meth_call[0m
  Contract call:       DAO#<unrecognized-selector>
  From:                0xf39fd6e51aad88f6f4ce6ab8827279cfffb92266
  To:                  0xe7f1725e7734ce288f8367e1bb143e90bb3f0512

  Error: Transaction reverted without a reason

[32meth_blockNumber[0m
[32meth_blockNumber (2)[0m
[32meth_blockNumber (3)[0m
[32meth_blockNumber (4)[0m
[32meth_blockNumber (5)[0m
[32meth_blockNumber (6)[0m
[32meth_blockNumber (7)[0m
[32meth_blockNumber (8)[0m
[32meth_blockNumber (9)[0m
[32meth_blockNumber (10)[0m
[32meth_blockNumber (11)[0m
[32meth_blockNumber (12)[0m
[32meth_blockNumber (13)[0m
[32meth_blockNumber (14)[0m
[32meth_blockNumber (15)[0m
[32meth_blockNumber (16)[0m
[32meth_blockNumber (17)[0m
[32meth_blockNumber (18)[0m
[32meth_blockNumber (19)[0m
[32meth_blockNumber (20)[0m
[32meth_blockNumber (21)[0m
[32meth_blockNumber (22)[0m
[32meth_blockNumber (23)[0m
[32meth_blockNumber (24)[0m
[32meth_blockNumber (25)[0m
[32meth_blockNumber (26)[0m
[32meth_blockNumber (27)[0m
[32meth_blockNumber (28)[0m
[32meth_blockNumber (29)[0m
[32meth_blockNumber (30)[0m
[32meth_blockNumber (31)[0m
[32meth_blockNumber (32)[0m
[32meth_blockNumber (33)[0m
[32meth_blockNumber (34)[0m
[32meth_blockNumber (35)[0m
[32meth_blockNumber (36)[0m
[32meth_blockNumber (37)[0m
[32meth_blockNumber (38)[0m
[32meth_blockNumber (39)[0m
[32meth_blockNumber (40)[0m
[32meth_blockNumber (41)[0m
[32meth_blockNumber (42)[0m
[32meth_blockNumber (43)[0m
[32meth_blockNumber (44)[0m
[32meth_blockNumber (45)[0m
[32meth_blockNumber (46)[0m
[32meth_blockNumber (47)[0m
[32meth_blockNumber (48)[0m
[32meth_blockNumber (49)[0m
[32meth_blockNumber (50)[0m
[32meth_blockNumber (51)[0m
[32meth_blockNumber (52)[0m
[32meth_blockNumber (53)[0m
[32meth_blockNumber (54)[0m
[32meth_blockNumber (55)[0m
[32meth_blockNumber (56)[0m
[32meth_chainId[0m
[32meth_chainId (2)[0m
[32meth_chainId (3)[0m
[32meth_chainId (4)[0m
[32meth_chainId (5)[0m
[32meth_call[0m
  Contract call:       MyToken#name
  From:                0xf39fd6e51aad88f6f4ce6ab8827279cfffb92266
  To:                  0x5fbdb2315678afecb367f032d93f642f64180aa3

[32meth_call[0m
  Contract call:       MyToken#name
  From:                0xf39fd6e51aad88f6f4ce6ab8827279cfffb92266
  To:                  0x5fbdb2315678afecb367f032d93f642f64180aa3

[32meth_chainId[0m
[32meth_chainId (2)[0m
[32meth_blockNumber[0m
[32meth_blockNumber (2)[0m
[32meth_call[0m
  Contract call:       MyToken#balanceOf
  From:                0x86bf80dc22e5ed99596c0443429a59670f47ea64
  To:                  0x5fbdb2315678afecb367f032d93f642f64180aa3

[32meth_call[0m
  Contract call:       DAO#voteStakes
  From:                0x86bf80dc22e5ed99596c0443429a59670f47ea64
  To:                  0xe7f1725e7734ce288f8367e1bb143e90bb3f0512

[32meth_call[0m
  Contract call:       DAO#proposalStakes
  From:                0x86bf80dc22e5ed99596c0443429a59670f47ea64
  To:                  0xe7f1725e7734ce288f8367e1bb143e90bb3f0512

[31meth_call[0m
  Contract call:       DAO#proposals
  From:                0x86bf80dc22e5ed99596c0443429a59670f47ea64
  To:                  0xe7f1725e7734ce288f8367e1bb143e90bb3f0512

  Error: Transaction reverted without a reason

[32meth_blockNumber[0m
[32meth_getCode[0m
[31meth_call[0m
  Contract call:       DAO#<unrecognized-selector>
  From:                0xf39fd6e51aad88f6f4ce6ab8827279cfffb92266
  To:                  0xe7f1725e7734ce288f8367e1bb143e90bb3f0512

  Error: Transaction reverted without a reason

[31meth_call[0m
  Contract call:       DAO#<unrecognized-selector>
  From:                0xf39fd6e51aad88f6f4ce6ab8827279cfffb92266
  To:                  0xe7f1725e7734ce288f8367e1bb143e90bb3f0512

  Error: Transaction reverted without a reason

[31meth_call[0m
  Contract call:       DAO#<unrecognized-selector>
  From:                0xf39fd6e51aad88f6f4ce6ab8827279cfffb92266
  To:                  0xe7f1725e7734ce288f8367e1bb143e90bb3f0512

  Error: Transaction reverted without a reason

[31meth_call[0m
  Contract call:       DAO#<unrecognized-selector>
  From:                0xf39fd6e51aad88f6f4ce6ab8827279cfffb92266
  To:                  0xe7f1725e7734ce288f8367e1bb143e90bb3f0512

  Error: Transaction reverted without a reason

[31meth_call[0m
  Contract call:       DAO#<unrecognized-selector>
  From:                0xf39fd6e51aad88f6f4ce6ab8827279cfffb92266
  To:                  0xe7f1725e7734ce288f8367e1bb143e90bb3f0512

  Error: Transaction reverted without a reason

[31meth_call[0m
  Contract call:       DAO#<unrecognized-selector>
  From:                0xf39fd6e51aad88f6f4ce6ab8827279cfffb92266
  To:                  0xe7f1725e7734ce288f8367e1bb143e90bb3f0512

  Error: Transaction reverted without a reason

[31meth_call[0m
  Contract call:       DAO#<unrecognized-selector>
  From:                0xf39fd6e51aad88f6f4ce6ab8827279cfffb92266
  To:                  0xe7f1725e7734ce288f8367e1bb143e90bb3f0512

  Error: Transaction reverted without a reason

[31meth_call[0m
  Contract call:       DAO#<unrecognized-selector>
  From:                0xf39fd6e51aad88f6f4ce6ab8827279cfffb92266
  To:                  0xe7f1725e7734ce288f8367e1bb143e90bb3f0512

  Error: Transaction reverted without a reason

[31meth_call[0m
  Contract call:       DAO#<unrecognized-selector>
  From:                0xf39fd6e51aad88f6f4ce6ab8827279cfffb92266
  To:                  0xe7f1725e7734ce288f8367e1bb143e90bb3f0512

  Error: Transaction reverted without a reason

[32meth_getTransactionCount[0m
[31meth_sendRawTransaction[0m

  Transaction maxFeePerGas (0) is too low for the next block, which has a baseFeePerGas of 190578878

[31meth_call[0m
  Contract call:       DAO#<unrecognized-selector>
  From:                0xf39fd6e51aad88f6f4ce6ab8827279cfffb92266
  To:                  0xe7f1725e7734ce288f8367e1bb143e90bb3f0512

  Error: Transaction reverted without a reason

[31meth_call[0m
  Contract call:       DAO#<unrecognized-selector>
  From:                0xf39fd6e51aad88f6f4ce6ab8827279cfffb92266
  To:                  0xe7f1725e7734ce288f8367e1bb143e90bb3f0512

  Error: Transaction reverted without a reason

[31meth_call[0m
  Contract call:       DAO#<unrecognized-selector>
  From:                0xf39fd6e51aad88f6f4ce6ab8827279cfffb92266
  To:                  0xe7f1725e7734ce288f8367e1bb143e90bb3f0512

  Error: Transaction reverted without a reason

[31meth_call[0m
  Contract call:       DAO#<unrecognized-selector>
  From:                0xf39fd6e51aad88f6f4ce6ab8827279cfffb92266
  To:                  0xe7f1725e7734ce288f8367e1bb143e90bb3f0512

  Error: Transaction reverted without a reason

[32meth_blockNumber[0m
[32meth_blockNumber (2)[0m
[31meth_call[0m
  Contract call:       DAO#<unrecognized-selector>
  From:                0xf39fd6e51aad88f6f4ce6ab8827279cfffb92266
  To:                  0xe7f1725e7734ce288f8367e1bb143e90bb3f0512

  Error: Transaction reverted without a reason

[31meth_call[0m
  Contract call:       DAO#<unrecognized-selector>
  From:                0xf39fd6e51aad88f6f4ce6ab8827279cfffb92266
  To:                  0xe7f1725e7734ce288f8367e1bb143e90bb3f0512

  Error: Transaction reverted without a reason

[31meth_call[0m
  Contract call:       DAO#<unrecognized-selector>
  From:                0xf39fd6e51aad88f6f4ce6ab8827279cfffb92266
  To:                  0xe7f1725e7734ce288f8367e1bb143e90bb3f0512

  Error: Transaction reverted without a reason

[31meth_call[0m
  Contract call:       DAO#<unrecognized-selector>
  From:                0xf39fd6e51aad88f6f4ce6ab8827279cfffb92266
  To:                  0xe7f1725e7734ce288f8367e1bb143e90bb3f0512

  Error: Transaction reverted without a reason

[31meth_call[0m
  Contract call:       DAO#<unrecognized-selector>
  From:                0xf39fd6e51aad88f6f4ce6ab8827279cfffb92266
  To:                  0xe7f1725e7734ce288f8367e1bb143e90bb3f0512

  Error: Transaction reverted without a reason

[31meth_call[0m
  Contract call:       DAO#<unrecognized-selector>
  From:                0xf39fd6e51aad88f6f4ce6ab8827279cfffb92266
  To:                  0xe7f1725e7734ce288f8367e1bb143e90bb3f0512

  Error: Transaction reverted without a reason

[31meth_call[0m
  Contract call:       DAO#<unrecognized-selector>
  From:                0xf39fd6e51aad88f6f4ce6ab8827279cfffb92266
  To:                  0xe7f1725e7734ce288f8367e1bb143e90bb3f0512

  Error: Transaction reverted without a reason

[31meth_call[0m
  Contract call:       DAO#<unrecognized-selector>
  From:                0xf39fd6e51aad88f6f4ce6ab8827279cfffb92266
  To:                  0xe7f1725e7734ce288f8367e1bb143e90bb3f0512

  Error: Transaction reverted without a reason

[31meth_call[0m
  Contract call:       DAO#<unrecognized-selector>
  From:                0xf39fd6e51aad88f6f4ce6ab8827279cfffb92266
  To:                  0xe7f1725e7734ce288f8367e1bb143e90bb3f0512

  Error: Transaction reverted without a reason

[31meth_sendRawTransaction[0m

  Transaction maxFeePerGas (0) is too low for the next block, which has a baseFeePerGas of 190578878

[31meth_call[0m
  Contract call:       DAO#<unrecognized-selector>
  From:                0xf39fd6e51aad88f6f4ce6ab8827279cfffb92266
  To:                  0xe7f1725e7734ce288f8367e1bb143e90bb3f0512

  Error: Transaction reverted without a reason

[31meth_call[0m
  Contract call:       DAO#<unrecognized-selector>
  From:                0xf39fd6e51aad88f6f4ce6ab8827279cfffb92266
  To:                  0xe7f1725e7734ce288f8367e1bb143e90bb3f0512

  Error: Transaction reverted without a reason

[31meth_call[0m
  Contract call:       DAO#<unrecognized-selector>
  From:                0xf39fd6e51aad88f6f4ce6ab8827279cfffb92266
  To:                  0xe7f1725e7734ce288f8367e1bb143e90bb3f0512

  Error: Transaction reverted without a reason

[31meth_call[0m
  Contract call:       DAO#<unrecognized-selector>
  From:                0xf39fd6e51aad88f6f4ce6ab8827279cfffb92266
  To:                  0xe7f1725e7734ce288f8367e1bb143e90bb3f0512

  Error: Transaction reverted without a reason

[32meth_blockNumber[0m
[31meth_call[0m
  Contract call:       DAO#<unrecognized-selector>
  From:                0xf39fd6e51aad88f6f4ce6ab8827279cfffb92266
  To:                  0xe7f1725e7734ce288f8367e1bb143e90bb3f0512

  Error: Transaction reverted without a reason

[31meth_call[0m
  Contract call:       DAO#<unrecognized-selector>
  From:                0xf39fd6e51aad88f6f4ce6ab8827279cfffb92266
  To:                  0xe7f1725e7734ce288f8367e1bb143e90bb3f0512

  Error: Transaction reverted without a reason

[31meth_call[0m
  Contract call:       DAO#<unrecognized-selector>
  From:                0xf39fd6e51aad88f6f4ce6ab8827279cfffb92266
  To:                  0xe7f1725e7734ce288f8367e1bb143e90bb3f0512

  Error: Transaction reverted without a reason

[31meth_call[0m
  Contract call:       DAO#<unrecognized-selector>
  From:                0xf39fd6e51aad88f6f4ce6ab8827279cfffb92266
  To:                  0xe7f1725e7734ce288f8367e1bb143e90bb3f0512

  Error: Transaction reverted without a reason

[32meth_blockNumber[0m
[32mnet_version[0m
[32meth_getBlockByNumber[0m
[32meth_chainId[0m
[32meth_chainId (2)[0m
[32meth_chainId (3)[0m
[32meth_chainId (4)[0m
[32meth_chainId (5)[0m
[32meth_call[0m
  Contract call:       MyToken#name
  From:                0xf39fd6e51aad88f6f4ce6ab8827279cfffb92266
  To:                  0x5fbdb2315678afecb367f032d93f642f64180aa3

[32meth_chainId[0m
[32meth_call[0m
  Contract call:       MyToken#name
  From:                0xf39fd6e51aad88f6f4ce6ab8827279cfffb92266
  To:                  0x5fbdb2315678afecb367f032d93f642f64180aa3

[32meth_chainId[0m
[32meth_chainId (2)[0m
[32meth_chainId (3)[0m
[32meth_chainId (4)[0m
[32meth_chainId (5)[0m
[32meth_chainId (6)[0m
[32meth_chainId (7)[0m
[32meth_call[0m
  Contract call:       MyToken#name
  From:                0xf39fd6e51aad88f6f4ce6ab8827279cfffb92266
  To:                  0x5fbdb2315678afecb367f032d93f642f64180aa3

[32meth_chainId[0m
[32meth_call[0m
  Contract call:       MyToken#name
  From:                0xf39fd6e51aad88f6f4ce6ab8827279cfffb92266
  To:                  0x5fbdb2315678afecb367f032d93f642f64180aa3

[32meth_chainId[0m
[32meth_chainId (2)[0m
[32meth_chainId (3)[0m
[32meth_chainId (4)[0m
[32meth_chainId (5)[0m
[32meth_chainId (6)[0m
[32meth_call[0m
  Contract call:       MyToken#name
  From:                0xf39fd6e51aad88f6f4ce6ab8827279cfffb92266
  To:                  0x5fbdb2315678afecb367f032d93f642f64180aa3

[32meth_chainId[0m
[32meth_call[0m
  Contract call:       MyToken#name
  From:                0xf39fd6e51aad88f6f4ce6ab8827279cfffb92266
  To:                  0x5fbdb2315678afecb367f032d93f642f64180aa3

[32meth_chainId[0m
[32meth_chainId (2)[0m
[32meth_chainId (3)[0m
[32meth_chainId (4)[0m
[32meth_chainId (5)[0m
[32meth_chainId (6)[0m
[32meth_call[0m
  Contract call:       MyToken#name
  From:                0xf39fd6e51aad88f6f4ce6ab8827279cfffb92266
  To:                  0x5fbdb2315678afecb367f032d93f642f64180aa3

[32meth_chainId[0m
[32meth_call[0m
  Contract call:       MyToken#name
  From:                0xf39fd6e51aad88f6f4ce6ab8827279cfffb92266
  To:                  0x5fbdb2315678afecb367f032d93f642f64180aa3

[32meth_chainId[0m
[32meth_chainId (2)[0m
